// Jest Snapshot v1, https://goo.gl/fbAQLP

exports[`ComponentC matches it\`s snapshot 1`] = `
<DocumentFragment>
  <div
    class="component-wrapper"
  >
    <code
      class="component-label"
    >
      Component C
    </code>
    <div>
      <label
        for="id-input"
      >
        Enter a person's ID: 
      </label>
      <input
        id="id-input"
        placeholder="abc123"
        value=""
      />
    </div>
    <div
      class="component-wrapper"
    >
      <code
        class="component-label"
      >
        Component B
      </code>
      <p>
        finding person with id 
      </p>
      <div
        class="component-wrapper"
      >
        <code
          class="component-label"
        >
          Component A
        </code>
        <p>
          The person's name is Snapshot name
        </p>
      </div>
    </div>
  </div>
</DocumentFragment>
`;
