// Jest Snapshot v1, https://goo.gl/fbAQLP

exports[`ComponentD matches it\`s snapshot 1`] = `
<DocumentFragment>
  <div
    class="component-wrapper"
  >
    <code
      class="component-label"
    >
      Component D
    </code>
    <p>
      The ID in the url is Snapshot id
    </p>
    <div
      class="component-wrapper"
    >
      <code
        class="component-label"
      >
        Component B
      </code>
      <p>
        finding person with id Snapshot id
      </p>
      <div
        class="component-wrapper"
      >
        <code
          class="component-label"
        >
          Component A
        </code>
        <p>
          The person's name is Snapshot name
        </p>
      </div>
    </div>
  </div>
</DocumentFragment>
`;
